
Memory Configuration

Name             Origin             Length             Attributes
flash            0x08000000         0x00020000         xr
sram             0x20000000         0x00005000         xrw
*default*        0x00000000         0xffffffff

Linker script and memory map


.text           0x08000000      0x20c
 *(.vector*)
 .vector        0x08000000       0x1c startup.o
                0x08000000                vectors
 *(.text*)
 .text          0x0800001c      0x134 main.o
                0x0800001c                _sbrk
                0x0800009c                main
 .text          0x08000150       0xbc startup.o
                0x08000150                MM_fault_Handler
                0x08000150                Usage_fault_Handler
                0x08000150                H_fault_Handler
                0x08000150                NMT_Handler
                0x08000150                Default_Handler
                0x08000150                Bus_fault_Handler
                0x0800015c                Reset_Handler
 *(.rodata*)
                0x0800020c                _E_text = .

.glue_7         0x0800020c        0x0
 .glue_7        0x00000000        0x0 linker stubs

.glue_7t        0x0800020c        0x0
 .glue_7t       0x00000000        0x0 linker stubs

.vfp11_veneer   0x0800020c        0x0
 .vfp11_veneer  0x00000000        0x0 linker stubs

.v4_bx          0x0800020c        0x0
 .v4_bx         0x00000000        0x0 linker stubs

.iplt           0x0800020c        0x0
 .iplt          0x00000000        0x0 main.o

.rel.dyn        0x0800020c        0x0
 .rel.iplt      0x00000000        0x0 main.o

.data           0x20000000        0x4 load address 0x0800020c
                0x20000000                _S_DATA = .
 *(.data*)
 .data          0x20000000        0x4 main.o
                0x20000000                R_ODR
 .data          0x20000004        0x0 startup.o
                0x20000004                . = ALIGN (0x4)
                0x20000004                _E_DATA = .

.igot.plt       0x20000004        0x0 load address 0x08000210
 .igot.plt      0x00000000        0x0 main.o

.bss            0x20000004     0x2004 load address 0x08000210
                0x20000004                _S_bss = .
 *(.bss*)
 .bss           0x20000004        0x4 main.o
 .bss           0x20000008        0x0 startup.o
                0x20000008                _E_bss = .
                0x20000008                . = ALIGN (0x4)
                0x20001008                . = (. + 0x1000)
 *fill*         0x20000008     0x1000 
                0x20001008                _heap_End = .
                0x20001008                . = ALIGN (0x4)
                0x20002008                . = (. + 0x1000)
 *fill*         0x20001008     0x1000 
                0x20002008                _stack_top = .
LOAD main.o
LOAD startup.o
OUTPUT(learn-in-depth_cortexM4.elf elf32-littlearm)

.debug_info     0x00000000      0x337
 .debug_info    0x00000000      0x1cf main.o
 .debug_info    0x000001cf      0x168 startup.o

.debug_abbrev   0x00000000      0x1de
 .debug_abbrev  0x00000000      0x11c main.o
 .debug_abbrev  0x0000011c       0xc2 startup.o

.debug_loc      0x00000000       0xd4
 .debug_loc     0x00000000       0x70 main.o
 .debug_loc     0x00000070       0x64 startup.o

.debug_aranges  0x00000000       0x40
 .debug_aranges
                0x00000000       0x20 main.o
 .debug_aranges
                0x00000020       0x20 startup.o

.debug_line     0x00000000      0x156
 .debug_line    0x00000000       0xa8 main.o
 .debug_line    0x000000a8       0xae startup.o

.debug_str      0x00000000      0x170
 .debug_str     0x00000000       0xf7 main.o
                                0x142 (size before relaxing)
 .debug_str     0x000000f7       0x79 startup.o
                                0x148 (size before relaxing)

.comment        0x00000000       0x11
 .comment       0x00000000       0x11 main.o
                                 0x12 (size before relaxing)
 .comment       0x00000000       0x12 startup.o

.ARM.attributes
                0x00000000       0x33
 .ARM.attributes
                0x00000000       0x33 main.o
 .ARM.attributes
                0x00000033       0x33 startup.o

.debug_frame    0x00000000       0x98
 .debug_frame   0x00000000       0x4c main.o
 .debug_frame   0x0000004c       0x4c startup.o
